  .   \_\_\_\_          \_            \_\_ \_ \_

 /\\\ / \_\_\_'\_ \_\_ \_ \_(\_)\_ \_\_  \_\_ \_ \ \ \ \\

( ( )\\\_\_\_ | '\_ | '\_| | '\_ \\/ \_\` | \ \ \ \\

 \\\\/  \_\_\_)| |\_)| | | | | || (\_| |  ) ) ) )

  '  |\_\_\_\_| .\_\_|\_| |\_|\_| |\_\\\_\_, | / / / /

 \=========|\_|==============|\_\_\_/=/\_/\_/\_/



 :: Spring Boot ::                (v4.1.1)



2026-09-30T18:44:32.185+03:00  INFO 88276 --- [buyer-service] [           main] [                                                 ] c.a.buyer.BuyerServiceApplication        : Starting BuyerServiceApplication using Java 21.0.8 with PID 88276 (C:\real-estate-backend-architecture-lab\BuyerService\bin\main started by aydin in C:\real-estate-backend-architecture-lab\BuyerService)

2026-09-30T18:44:32.188+03:00  INFO 88276 --- [buyer-service] [           main] [                                                 ] c.a.buyer.BuyerServiceApplication        : No active profile set, falling back to 1 default profile: "default"

2026-09-30T18:44:32.229+03:00  INFO 88276 --- [buyer-service] [           main] [                                                 ] o.s.c.c.c.ConfigServerConfigDataLoader   : Fetching config from server at : http\://localhost:8888

2026-09-30T18:44:32.229+03:00  INFO 88276 --- [buyer-service] [           main] [                                                 ] o.s.c.c.c.ConfigServerConfigDataLoader   : Located environment: name=buyer-service, profiles=[default], label=null, version=null, state=null

2026-09-30T18:44:33.060+03:00  INFO 88276 --- [buyer-service] [           main] [                                                 ] .s.d.r.c.RepositoryConfigurationDelegate : Bootstrapping Spring Data Couchbase repositories in DEFAULT mode.

2026-09-30T18:44:33.186+03:00  INFO 88276 --- [buyer-service] [           main] [                                                 ] .s.d.r.c.RepositoryConfigurationDelegate : Finished Spring Data repository scanning in 120 ms. Found 0 Couchbase repository interfaces.

2026-09-30T18:44:33.191+03:00  INFO 88276 --- [buyer-service] [           main] [                                                 ] .s.d.r.c.RepositoryConfigurationDelegate : Bootstrapping Spring Data Couchbase repositories in DEFAULT mode.

2026-09-30T18:44:33.222+03:00  INFO 88276 --- [buyer-service] [           main] [                                                 ] .s.d.r.c.RepositoryConfigurationDelegate : Finished Spring Data repository scanning in 28 ms. Found 1 Couchbase repository interface.

2026-09-30T18:44:33.493+03:00  INFO 88276 --- [buyer-service] [           main] [                                                 ] o.s.cloud.context.scope.GenericScope     : BeanFactory id=48556d77-36bc-31a9-9edf-f2416c809909

2026-09-30T18:44:33.773+03:00  INFO 88276 --- [buyer-service] [           main] [                                                 ] o.s.boot.tomcat.TomcatWebServer          : Tomcat initialized with port 9093 (http)

2026-09-30T18:44:33.787+03:00  INFO 88276 --- [buyer-service] [           main] [                                                 ] o.apache.catalina.core.StandardService   : Starting service [Tomcat]

2026-09-30T18:44:33.788+03:00  INFO 88276 --- [buyer-service] [           main] [                                                 ] o.apache.catalina.core.StandardEngine    : Starting Servlet engine: [Apache Tomcat/11.0.24]

2026-09-30T18:44:33.850+03:00  INFO 88276 --- [buyer-service] [           main] [                                                 ] b.w\.c.s.WebApplicationContextInitializer : Root WebApplicationContext: initialization completed in 1617 ms

2026-09-30T18:44:34.447+03:00  INFO 88276 --- [buyer-service] [           main] [                                                 ] c.c.c.c.c.a.c.AppTelemetryCollectorImpl  : Pausing app telemetry collection.

2026-09-30T18:44:34.498+03:00  INFO 88276 --- [buyer-service] [etry-reporter-0] [                                                 ] c.c.c.c.c.a.r.AppTelemetryReporterImpl   : App telemetry reporter has no remotes available.

2026-09-30T18:44:34.736+03:00  INFO 88276 --- [buyer-service] [      cb-events] [                                                 ] com.couchbase.core                       : [com.couchbase.core][CoreCreatedEvent] {"clientVersion":"3.11.3","clientGitHash":"d1ce1106","coreVersion":"3.11.3","coreGitHash":"d1ce1106","userAgent":"couchbase-java/3.11.3 (Windows 11 10.0 amd64; Java HotSpot(TM) 64-Bit Server VM 21.0.8+12-LTS-250)","maxNumRequestsInRetry":32768,"ioEnvironment":{"nativeIoEnabled":true,"eventLoopThreadCount":4,"eventLoopGroups":["MultiThreadIoEventLoopGroup"]},"ioConfig":{"captureTraffic":[],"mutationTokensEnabled":true,"networkResolution":"auto","dnsSrvEnabled":true,"tcpKeepAlivesEnabled":true,"tcpKeepAliveTimeMs":60000,"configPollIntervalMs":2500,"kvCircuitBreakerConfig":"disabled","queryCircuitBreakerConfig":"disabled","viewCircuitBreakerConfig":"disabled","searchCircuitBreakerConfig":"disabled","analyticsCircuitBreakerConfig":"disabled","managerCircuitBreakerConfig":"disabled","eventingCircuitBreakerConfig":"disabled","backupCircuitBreakerConfig":"disabled","numKvConnections":1,"maxHttpConnections":12,"idleHttpConnectionTimeoutMs":1000,"configIdleRedialTimeoutMs":300000,"memcachedHashingStrategy":"StandardMemcachedHashingStrategy","timerConfig":{"numTimers":1,"tickDurationMs":10,"numBuckets":512},"lowWaterMark":"32 KiB","highWaterMark":"64 KiB","sendBuffer":null,"receiveBuffer":null},"compressionConfig":{"enabled":true,"minRatio":0.83,"minSize":32},"securityConfig":{"tlsEnabled":false,"nativeTlsEnabled":true,"hostnameVerificationEnabled":true,"trustCertificates":null,"trustManagerFactory":null,"ciphers":[]},"timeoutConfig":{"kvMs":2500,"kvDurableMs":10000,"kvScanMs":75000,"managementMs":75000,"queryMs":75000,"viewMs":75000,"searchMs":75000,"analyticsMs":75000,"connectMs":10000,"disconnectMs":10000,"eventingMs":75000,"backupMs":75000},"loggerConfig":{"diagnosticContextEnabled":false},"orphanReporterConfig":{"emitIntervalMs":10000,"sampleSize":10,"queueLength":1024,"enabled":true},"thresholdLoggingTracerConfig":{"enabled":true,"emitIntervalMs":10000,"sampleSize":10,"queueLength":1024,"kvThresholdMs":500,"queryThresholdMs":1000,"searchThresholdMs":1000,"analyticsThresholdMs":1000,"viewThresholdMs":1000,"transactionsThresholdMs":5000},"loggingMeterConfig":{"enabled":true,"emitIntervalMs":600000},"retryStrategy":"BestEffortRetryStrategy","requestTracer":"ThresholdLoggingTracer","meter":"LoggingMeter","numRequestCallbacks":0,"scheduler":"ParallelScheduler","schedulerThreadCount":8,"transactionsConfig":{"durabilityLevel":"MAJORITY","timeoutMs":15000,"cleanupConfig":{"runLostAttemptsCleanupThread":true,"runRegularAttemptsCleanupThread":true,"cleanupWindowMs":60000,"cleanupSet":""},"numAtrs":1024,"metadataCollection":"none","scanConsistency":"none"},"preferredServerGroup":"null","appTelemetryDisabled":false,"appTelemetryEndpoint":"null"} {"connectionString":"couchbase://localhost","coreId":"0xb01dfda400000001","numCoreInstances":1}

2026-09-30T18:44:34.736+03:00  INFO 88276 --- [buyer-service] [      cb-events] [                                                 ] com.couchbase.transactions               : [com.couchbase.transactions][TransactionsStartedEvent] Transactions successfully initialised, regular cleanup enabled=true, lost cleanup enabled=true

2026-09-30T18:44:35.238+03:00  INFO 88276 --- [buyer-service] [      cb-events] [                                                 ] com.couchbase.core                       : [com.couchbase.core][DnsSrvLookupFailedEvent][724ms] DNS SRV lookup failed (name not found). This is expected if the there is no DNS SRV record associated with the hostname in the connection string. Will now try to bootstrap directly from the given hostname. To suppress this message, specify an IP address instead of a hostname (for example: 127.0.0.1 instead of localhost), specify more than one hostname, or set the \`io.enableDnsSrv\` client setting to false.

2026-09-30T18:44:35.238+03:00  INFO 88276 --- [buyer-service] [      cb-events] [                                                 ] com.couchbase.node                       : [com.couchbase.node][NodeCreatedEvent] Node created {"coreId":"0xb01dfda400000001","managerPort":"8091","remote":"localhost"}

2026-09-30T18:44:35.287+03:00  INFO 88276 --- [buyer-service] [oundedElastic-1] [                                                 ] c.c.c.c.c.DefaultConfigurationProvider   : Resolved seed nodes: [SeedNode{address='localhost'}]

2026-09-30T18:44:35.363+03:00  INFO 88276 --- [buyer-service] [   cb-io-kv-5-1] [                                                 ] c.c.c.c.compression.snappy.SnappyHelper  : Using fast Snappy compression codec because this is little-endian hardware and \`sun.misc.Unsafe\` is accessible.

2026-09-30T18:44:35.444+03:00  INFO 88276 --- [buyer-service] [           main] [                                                 ] DiscoveryClientOptionalArgsConfiguration : Eureka HTTP Client uses RestClient.

2026-09-30T18:44:35.480+03:00  WARN 88276 --- [buyer-service] [           main] [                                                 ] iguration$LoadBalancerCaffeineWarnLogger : Spring Cloud LoadBalancer is currently working with the default cache. While this cache implementation is useful for development and tests, it's recommended to use Caffeine cache in production.You can switch to using Caffeine cache, by adding it and org.springframework.cache.caffeine.CaffeineCacheManager to the classpath.

2026-09-30T18:44:35.485+03:00  INFO 88276 --- [buyer-service] [           main] [                                                 ] o.s.b.a.e.web.EndpointLinksResolver      : Exposing 1 endpoint beneath base path '/actuator'

2026-09-30T18:44:35.560+03:00  INFO 88276 --- [buyer-service] [           main] [                                                 ] o.s.c.n.eureka.InstanceInfoFactory       : Setting initial instance status as: STARTING

2026-09-30T18:44:35.587+03:00  INFO 88276 --- [buyer-service] [           main] [                                                 ] com.netflix.discovery.DiscoveryClient    : Initializing Eureka in region us-east-1

2026-09-30T18:44:35.591+03:00  INFO 88276 --- [buyer-service] [           main] [                                                 ] c.n.d.s.r.aws.ConfigClusterResolver      : Resolving eureka endpoints via configuration

2026-09-30T18:44:35.601+03:00  INFO 88276 --- [buyer-service] [           main] [                                                 ] com.netflix.discovery.DiscoveryClient    : Disable delta property : false

2026-09-30T18:44:35.601+03:00  INFO 88276 --- [buyer-service] [           main] [                                                 ] com.netflix.discovery.DiscoveryClient    : Single vip registry refresh property : null

2026-09-30T18:44:35.601+03:00  INFO 88276 --- [buyer-service] [           main] [                                                 ] com.netflix.discovery.DiscoveryClient    : Force full registry fetch : false

2026-09-30T18:44:35.601+03:00  INFO 88276 --- [buyer-service] [           main] [                                                 ] com.netflix.discovery.DiscoveryClient    : Application is null : false

2026-09-30T18:44:35.601+03:00  INFO 88276 --- [buyer-service] [           main] [                                                 ] com.netflix.discovery.DiscoveryClient    : Registered Applications size is zero : true

2026-09-30T18:44:35.601+03:00  INFO 88276 --- [buyer-service] [           main] [                                                 ] com.netflix.discovery.DiscoveryClient    : Application version is -1: true

2026-09-30T18:44:35.601+03:00  INFO 88276 --- [buyer-service] [           main] [                                                 ] com.netflix.discovery.DiscoveryClient    : Getting all instance registry info from the eureka server

2026-09-30T18:44:35.640+03:00  INFO 88276 --- [buyer-service] [      cb-events] [                                                 ] com.couchbase.core                       : [com.couchbase.core][BucketOpenedEvent][1098ms] Opened bucket "buyer" {"coreId":"0xb01dfda400000001"}

2026-09-30T18:44:35.811+03:00  INFO 88276 --- [buyer-service] [           main] [                                                 ] com.netflix.discovery.DiscoveryClient    : The response status is 200

2026-09-30T18:44:35.812+03:00  INFO 88276 --- [buyer-service] [           main] [                                                 ] com.netflix.discovery.DiscoveryClient    : Starting heartbeat executor: renew interval is: 30

2026-09-30T18:44:35.814+03:00  INFO 88276 --- [buyer-service] [           main] [                                                 ] c.n.discovery.InstanceInfoReplicator     : InstanceInfoReplicator onDemand update allowed rate per min is 4

2026-09-30T18:44:35.815+03:00  INFO 88276 --- [buyer-service] [           main] [                                                 ] com.netflix.discovery.DiscoveryClient    : Discovery Client initialized at timestamp 1790783075815 with initial instances count: 1

2026-09-30T18:44:35.818+03:00  INFO 88276 --- [buyer-service] [           main] [                                                 ] o.s.c.n.e.s.EurekaServiceRegistry        : Registering application BUYER-SERVICE with eureka with status UP

2026-09-30T18:44:35.818+03:00  INFO 88276 --- [buyer-service] [           main] [                                                 ] com.netflix.discovery.DiscoveryClient    : Saw local status change event StatusChangeEvent [timestamp=1790783075818, current=UP, previous=STARTING]

2026-09-30T18:44:35.819+03:00  INFO 88276 --- [buyer-service] [foReplicator-%d] [                                                 ] com.netflix.discovery.DiscoveryClient    : DiscoveryClient_BUYER-SERVICE/AYDIN.mshome.net:buyer-service:9093: registering service...

2026-09-30T18:44:35.834+03:00  INFO 88276 --- [buyer-service] [           main] [                                                 ] o.s.boot.tomcat.TomcatWebServer          : Tomcat started on port 9093 (http) with context path '/'

2026-09-30T18:44:35.835+03:00  INFO 88276 --- [buyer-service] [           main] [                                                 ] .s.c.n.e.s.EurekaAutoServiceRegistration : Updating port to 9093

2026-09-30T18:44:35.853+03:00  INFO 88276 --- [buyer-service] [foReplicator-%d] [                                                 ] com.netflix.discovery.DiscoveryClient    : DiscoveryClient_BUYER-SERVICE/AYDIN.mshome.net:buyer-service:9093 - registration status: 204

2026-09-30T18:44:35.854+03:00  INFO 88276 --- [buyer-service] [           main] [                                                 ] c.a.buyer.BuyerServiceApplication        : Started BuyerServiceApplication in 4.642 seconds (process running for 5.288)

2026-09-30T18:44:35.864+03:00  WARN 88276 --- [buyer-service] [           main] [                                                 ] o.s.core.events.SpringDocAppInitializer  : SpringDoc /v3/api-docs endpoint is enabled by default. To disable it in production, set the property 'springdoc.api-docs.enabled=false'

2026-09-30T18:44:35.864+03:00  WARN 88276 --- [buyer-service] [           main] [                                                 ] o.s.core.events.SpringDocAppInitializer  : SpringDoc /swagger-ui.html endpoint is enabled by default. To disable it in production, set the property 'springdoc.swagger-ui.enabled=false'

2026-09-30T18:44:36.349+03:00  INFO 88276 --- [buyer-service] [(5)-192.168.1.3] [                                                 ] o.a.c.c.C.[Tomcat].[localhost].[/]       : Initializing Spring DispatcherServlet 'dispatcherServlet'

2026-09-30T18:44:36.350+03:00  INFO 88276 --- [buyer-service] [(5)-192.168.1.3] [                                                 ] o.s.web.servlet.DispatcherServlet        : Initializing Servlet 'dispatcherServlet'

2026-09-30T18:44:36.353+03:00  INFO 88276 --- [buyer-service] [(5)-192.168.1.3] [                                                 ] o.s.web.servlet.DispatcherServlet        : Completed initialization in 3 ms
