SellerService local runtime success evidence
Date: 2026-10-02
Branch: day/10-seller-cassandra-onion

2026-10-02T00:01:24.627+03:00 INFO  --- [seller-service] c.a.seller.SellerServiceApplication : Starting SellerServiceApplication using Java 21.0.8
2026-10-02T00:01:24.681+03:00 INFO  --- [seller-service] o.s.c.c.c.ConfigServerConfigDataLoader : Fetching config from server at : http://localhost:8888
2026-10-02T00:01:24.681+03:00 INFO  --- [seller-service] o.s.c.c.c.ConfigServerConfigDataLoader : Located environment: name=seller-service, profiles=[default]
2026-10-02T00:01:25.811+03:00 INFO  --- [seller-service] RepositoryConfigurationDelegate : Finished Spring Data repository scanning. Found 2 Cassandra repository interfaces.
2026-10-02T00:01:26.512+03:00 INFO  --- [seller-service] TomcatWebServer : Tomcat initialized with port 9095 (http)
2026-10-02T00:01:27.033+03:00 INFO  --- [seller-service] DefaultMavenCoordinates : Apache Cassandra Java Driver version 4.19.3
2026-10-02T00:01:28.077+03:00 INFO  --- [seller-service] ContactPoints : Contact point localhost:9042 resolves to multiple addresses
2026-10-02T00:01:29.608+03:00 INFO  --- [seller-service] DiscoveryClient : The response status is 200
2026-10-02T00:01:29.615+03:00 INFO  --- [seller-service] EurekaServiceRegistry : Registering application SELLER-SERVICE with eureka with status UP
2026-10-02T00:01:29.632+03:00 INFO  --- [seller-service] TomcatWebServer : Tomcat started on port 9095 (http) with context path '/'
2026-10-02T00:01:29.650+03:00 INFO  --- [seller-service] SellerServiceApplication : Started SellerServiceApplication in 6.256 seconds
2026-10-02T00:01:29.651+03:00 INFO  --- [seller-service] DiscoveryClient : SELLER-SERVICE registration status: 204

Runtime notes:
- ConfigServerLocal integration: PASS
- Cassandra connection: PASS
- Cassandra schema/keyspace bootstrap: PASS
- Eureka registration: PASS
- SellerService HTTP runtime startup: PASS
